---
source: git_repo_manifest/src/test.rs
expression: foo
input_file: git_repo_manifest/src/test_inputs/remybohmer.default.xml
---
Ok(
    Manifest {
        notice: Some(
            Notice {
                notice: Some(
                    "You checked out the default manifest",
                ),
            },
        ),
        manifest_server: None,
        remotes: [],
        default: None,
        remove_projects: [],
        projects: [
            Project {
                name: "remybohmer/demo-project-1",
                path: Some(
                    "project1",
                ),
                remote: None,
                revision: None,
                dest_branch: None,
                groups: None,
                rebase: None,
                sync_c: None,
                sync_s: None,
                sync_tags: None,
                upstream: None,
                clone_depth: None,
                force_path: None,
            },
            Project {
                name: "remybohmer/demo-project-2",
                path: Some(
                    "project2",
                ),
                remote: None,
                revision: None,
                dest_branch: None,
                groups: None,
                rebase: None,
                sync_c: None,
                sync_s: None,
                sync_tags: None,
                upstream: None,
                clone_depth: None,
                force_path: None,
            },
            Project {
                name: "dpursehouse/lfs-test",
                path: Some(
                    "lfs-test",
                ),
                remote: None,
                revision: None,
                dest_branch: None,
                groups: None,
                rebase: None,
                sync_c: None,
                sync_s: None,
                sync_tags: None,
                upstream: None,
                clone_depth: None,
                force_path: None,
            },
            Project {
                name: "remybohmer/demo-repo-hooks",
                path: Some(
                    ".repo_hooks",
                ),
                remote: None,
                revision: None,
                dest_branch: None,
                groups: None,
                rebase: None,
                sync_c: None,
                sync_s: None,
                sync_tags: None,
                upstream: None,
                clone_depth: None,
                force_path: None,
            },
        ],
        extend_projects: [],
        repo_hooks: Some(
            RepoHooks {
                in_project: "remybohmer/demo-repo-hooks",
                enabled_list: [
                    "post-sync",
                    "pre-upload",
                ],
            },
        ),
        includes: [
            Include {
                name: "common/server_settings.xml",
            },
        ],
    },
)
